[0m15:15:52.305410 [debug] [MainThread]: Sending event: {'category': 'dbt', 'action': 'invocation', 'label': 'start', 'context': [<snowplow_tracker.self_describing_json.SelfDescribingJson object at 0x00000197C6612ED0>, <snowplow_tracker.self_describing_json.SelfDescribingJson object at 0x00000197C5C84290>, <snowplow_tracker.self_describing_json.SelfDescribingJson object at 0x00000197C6483260>]}


============================== 15:15:52.354979 | e24e9024-0ae4-462d-ac9e-b6c31f2e386c ==============================
[0m15:15:52.354979 [info ] [MainThread]: Running with dbt=1.11.2
[0m15:15:52.354979 [debug] [MainThread]: running dbt with arguments {'version_check': 'True', 'no_print': 'None', 'static_parser': 'True', 'warn_error_options': 'WarnErrorOptionsV2(error=[], warn=[], silence=[])', 'target_path': 'None', 'printer_width': '80', 'write_json': 'True', 'introspect': 'True', 'log_cache_events': 'False', 'empty': 'None', 'cache_selected_only': 'False', 'log_format': 'default', 'debug': 'False', 'fail_fast': 'False', 'partial_parse': 'True', 'send_anonymous_usage_stats': 'True', 'quiet': 'False', 'warn_error': 'None', 'profiles_dir': 'C:\\Users\\Roshn\\.dbt', 'use_colors': 'True', 'invocation_command': 'dbt init', 'indirect_selection': 'eager', 'use_experimental_parser': 'False', 'log_path': 'logs'}
[0m15:15:52.505236 [info ] [MainThread]: Creating dbt configuration folder at C:\Users\Roshn\.dbt
[0m15:16:05.866679 [debug] [MainThread]: Starter project path: C:\Users\Roshn\AppData\Local\uv\cache\archive-v0\6BCtf3h0o63SGx8k8Wjq3\Lib\site-packages\dbt\include\starter_project
[0m15:16:05.949147 [info ] [MainThread]: 
Your new dbt project "demo" was created!

For more information on how to configure the profiles.yml file,
please consult the dbt documentation here:

  https://docs.getdbt.com/docs/configure-your-profile

One more thing:

Need help? Don't hesitate to reach out to us via GitHub issues or on Slack:

  https://community.getdbt.com/

Happy modeling!

[0m15:16:05.956648 [info ] [MainThread]: Setting up your profile.
[0m15:16:56.814813 [info ] [MainThread]: Profile demo written to C:\Users\Roshn\.dbt\profiles.yml using target's profile_template.yml and your supplied values. Run 'dbt debug' to validate the connection.
[0m15:16:56.820937 [debug] [MainThread]: Command `dbt init` succeeded at 15:16:56.820937 after 64.66 seconds
[0m15:16:56.823483 [debug] [MainThread]: Sending event: {'category': 'dbt', 'action': 'invocation', 'label': 'end', 'context': [<snowplow_tracker.self_describing_json.SelfDescribingJson object at 0x00000197C7AD2600>, <snowplow_tracker.self_describing_json.SelfDescribingJson object at 0x00000197C5C96720>, <snowplow_tracker.self_describing_json.SelfDescribingJson object at 0x00000197C5C964E0>]}
[0m15:16:56.825486 [debug] [MainThread]: Flushing usage events
[0m15:17:00.799608 [debug] [MainThread]: An error was encountered while trying to flush usage events
